[INFO:2026-02-06 10:01:17,717] Write arguments to /media/pabloati/HDD1/pablo/sqanti/courses-SQANTI_verse/results/03_QC_with_orthogonal/mouse.qc_params.txt
[INFO:2026-02-06 10:01:17,717] Initialising QC pipeline.
[INFO:2026-02-06 10:01:17,717] Parsing provided files
[INFO:2026-02-06 10:01:17,717] Reading genome fasta data/isoquant/Mus_musculus.GRCm39.dna.chr19.fasta
[INFO:2026-02-06 10:01:18,036] **** Correcting sequences
[INFO:2026-02-06 10:01:18,036] Correcting fasta
[INFO:2026-02-06 10:01:18,036] Skipping aligning of sequences because GTF file was provided.
[INFO:2026-02-06 10:01:18,041] Indels will be not calculated since you ran SQANTI3 without alignment step (SQANTI3 with gtf format as transcriptome input).
[INFO:2026-02-06 10:01:18,147] **** Predicting ORF sequences...
[INFO:2026-02-06 10:01:18,147] Running TD2 ORF search on /media/pabloati/HDD1/pablo/sqanti/courses-SQANTI_verse/results/03_QC_with_orthogonal/mouse_corrected.fasta...
[INFO:2026-02-06 10:01:18,475] Running TD2 ORF prediction on /media/pabloati/HDD1/pablo/sqanti/courses-SQANTI_verse/results/03_QC_with_orthogonal/mouse_corrected.fasta...
[INFO:2026-02-06 10:01:26,456] **** Parsing Reference Transcriptome....
[INFO:2026-02-06 10:01:27,089] **** Parsing Isoforms.
[INFO:2026-02-06 10:01:27,096] **** Running STAR for calculating Short-Read Coverage.
[INFO:2026-02-06 10:01:27,096] ** Running indexing.
[INFO:2026-02-06 10:02:42,723] Indexing done.
[INFO:2026-02-06 10:02:42,723] ** Running mapping.
[INFO:2026-02-06 10:02:42,723] Mapping for short_reads: in progress.
[INFO:2026-02-06 10:03:12,788] Mapping for short_reads: done.
[INFO:2026-02-06 10:03:12,788] Input pattern: results/03_QC_with_orthogonal/STAR_mapping/.
The following files found and to be read as junctions:
results/03_QC_with_orthogonal/STAR_mapping/short_readsSJ.out.tab
[INFO:2026-02-06 10:03:12,802] 4526 junctions read. 1 junctions added to both strands because no strand information from STAR.
[INFO:2026-02-06 10:03:12,802] **** Running calculation of TSS ratio
[INFO:2026-02-06 10:03:12,836] BAM files identified: ['results/03_QC_with_orthogonal/STAR_mapping/short_readsAligned.sortedByCoord.out.bam']
[INFO:2026-02-06 10:03:13,754] **** Performing Classification of Isoforms
[INFO:2026-02-06 10:03:15,438] Number of classified isoforms: 468
[INFO:2026-02-06 10:03:15,438] After classify fsm: 468
[INFO:2026-02-06 10:03:15,438] Full-length read abundance files not provided.
[INFO:2026-02-06 10:03:15,438] RT-switching computation
[INFO:2026-02-06 10:03:15,489] After RTS classification: 468
[INFO:2026-02-06 10:03:15,489] **** Adding TSS ratio data.
[INFO:2026-02-06 10:03:15,490] **** Running Kallisto to calculate isoform expressions. 
[INFO:2026-02-06 10:03:15,490] Running kallisto index results/03_QC_with_orthogonal/kallisto_output/kallisto_corrected_fasta.idx using as reference /media/pabloati/HDD1/pablo/sqanti/courses-SQANTI_verse/results/03_QC_with_orthogonal/mouse_corrected.fasta
[INFO:2026-02-06 10:03:17,563] ** Running Kallisto quantification for short_reads.chr19.subset.r1 sample
[INFO:2026-02-06 10:03:18,364] Detected Kallisto expression format. Using 'target_id' and 'tpm' field.
[INFO:2026-02-06 10:03:18,383] Writing output files
[INFO:2026-02-06 10:03:18,499] **** Generating SQANTI3 report.
[INFO:2026-02-06 10:03:32,346] Removing temporary files.
[INFO:2026-02-06 10:03:32,346] SQANTI3 complete in 134.63 sec.
